sx1272mb2das.c:145:10:SX1272MB2DAS_RADIO_GetWakeUpTime	0	static
sx1272mb2das.c:150:6:SX1272MB2DAS_RADIO_SetXO	0	static
sx1272mb2das.c:154:6:SX1272MB2DAS_RADIO_IoInit	96	static
sx1272mb2das.c:207:6:SX1272MB2DAS_RADIO_IoDeInit	64	static
sx1272mb2das.c:232:6:SX1272MB2DAS_RADIO_IoIrqInit	32	static,ignoring_inline_asm
sx1272mb2das.c:251:6:SX1272MB2DAS_RADIO_IRQHandler	8	static
sx1272mb2das.c:257:18:SX1272MB2DAS_RADIO_GetPaSelect	0	static
sx1272mb2das.c:262:6:SX1272MB2DAS_RADIO_SetAntSw	0	static
sx1272mb2das.c:266:6:SX1272MB2DAS_RADIO_CheckRfFrequency	0	static
sx1272mb2das.c:272:6:SX1272MB2DAS_RADIO_Reset	40	static
sx1272mb2das.c:298:6:SX1272MB2DAS_RADIO_Bus_Init	8	static
sx1272mb2das.c:303:6:SX1272MB2DAS_RADIO_Bus_deInit	8	static
sx1272mb2das.c:313:10:SX1272MB2DAS_RADIO_SendRecv	24	static
sx1272mb2das.c:323:6:SX1272MB2DAS_RADIO_ChipSelect	8	static
sx1272mb2das.c:335:10:SX1272MB2DAS_RADIO_GetDio1PinState	8	static
