sx1272.c:392:14:SX1272GetStatus	0	static
sx1272.c:1417:16:GetFskBandwidthRegValue	8	static
sx1272.c:754:10:SX1272GetTimeOnAir	32	static
sx1272.c:1381:10:SX1272GetWakeupTime	8	static
sx1272.c:1302:6:SX1272WriteBuffer	16	static
sx1272.c:1290:6:SX1272Write	16	static
sx1272.c:1319:6:SX1272ReadBuffer	16	static
sx1272.c:1295:9:SX1272Read	16	static
sx1272.c:1229:13:SX1272SetOpMode	16	static
sx1272.c:943:6:SX1272SetSleep	8	static
sx1272.c:957:6:SX1272SetStby	8	static
sx1272.c:967:6:SX1272SetRx	24	static
sx1272.c:1994:13:SX1272OnDio4Irq	0	static
sx1272.c:1963:13:SX1272OnDio3Irq	16	static
sx1272.c:1895:13:SX1272OnDio2Irq	16	static
sx1272.c:1151:6:SX1272StartCad	16	static
sx1272.c:1204:9:SX1272ReadRssi	8	static
sx1272.c:1253:6:SX1272SetModem	8	static
sx1272.c:360:10:SX1272Init	24	static
sx1272.c:444:10:SX1272Random	16	static
sx1272.c:480:6:SX1272SetRxConfig	64	static
sx1272.c:623:6:SX1272SetTxConfig	72	static
sx1272.c:1347:6:SX1272SetMaxPayloadLength	16	static
sx1272.c:1365:6:SX1272SetPublicNetwork	8	static
sx1272.c:1532:13:SX1272OnTimeoutIrq	16	static
sx1272.c:397:6:SX1272SetChannel	16	static
sx1272.c:408:6:SX1272IsChannelFree	24	static
sx1272.c:1184:6:SX1272SetTxContinuousWave	56	static
sx1272.c:782:6:SX1272Send	32	static
sx1272.c:1777:13:SX1272OnDio1Irq	16	static
sx1272.c:1605:13:SX1272OnDio0Irq	32	static
